Copyright 1986-2017 Xilinx, Inc. All Rights Reserved.
------------------------------------------------------------------------------------
| Tool Version : Vivado v.2017.3 (lin64) Build 2018833 Wed Oct  4 19:58:07 MDT 2017
| Date         : Fri Mar  2 16:17:51 2018
| Host         : lx25 running 64-bit SUSE Linux Enterprise Desktop 12 SP2
| Command      : report_control_sets -file Lab2_SoC_wrapper_control_sets_placed.rpt
| Design       : Lab2_SoC_wrapper
| Device       : xc7z020
------------------------------------------------------------------------------------

Control Set Information

Table of Contents
-----------------
1. Summary
2. Flip-Flop Distribution

1. Summary
----------

+-------------------------------+-------+
|             Status            | Count |
+-------------------------------+-------+
| Number of unique control sets |    34 |
+-------------------------------+-------+


2. Flip-Flop Distribution
-------------------------

+--------------+-----------------------+------------------------+-----------------+--------------+
| Clock Enable | Synchronous Set/Reset | Asynchronous Set/Reset | Total Registers | Total Slices |
+--------------+-----------------------+------------------------+-----------------+--------------+
| No           | No                    | No                     |             112 |           41 |
| No           | No                    | Yes                    |               0 |            0 |
| No           | Yes                   | No                     |             103 |           29 |
| Yes          | No                    | No                     |             336 |           80 |
| Yes          | No                    | Yes                    |               0 |            0 |
| Yes          | Yes                   | No                     |              55 |           14 |
+--------------+-----------------------+------------------------+-----------------+--------------+


