18:08:23 **** Build of configuration Debug for project HelloMultiplierIRQ ****
make pre-build main-build 
a9-linaro-pre-build-step
 
Building file: ../src/Lab3IRQMul.c
Invoking: ARM v7 gcc compiler
arm-none-eabi-gcc -Wall -O0 -g3 -c -fmessage-length=0 -MT"src/Lab3IRQMul.o" -mcpu=cortex-a9 -mfpu=vfpv3 -mfloat-abi=hard -I../../HelloMultiplierIRQ_bsp/ps7_cortexa9_0/include -MMD -MP -MF"src/Lab3IRQMul.d" -MT"src/Lab3IRQMul.o" -o "src/Lab3IRQMul.o" "../src/Lab3IRQMul.c"
Finished building: ../src/Lab3IRQMul.c
 
Building target: HelloMultiplierIRQ.elf
Invoking: ARM v7 gcc linker
arm-none-eabi-gcc -mcpu=cortex-a9 -mfpu=vfpv3 -mfloat-abi=hard -Wl,-build-id=none -specs=Xilinx.spec -Wl,-T -Wl,../src/lscript.ld -L../../HelloMultiplierIRQ_bsp/ps7_cortexa9_0/lib -o "HelloMultiplierIRQ.elf"  ./src/Lab3IRQMul.o   -Wl,--start-group,-lxil,-lgcc,-lc,--end-group
Finished building target: HelloMultiplierIRQ.elf
 
Invoking: ARM v7 Print Size
arm-none-eabi-size HelloMultiplierIRQ.elf  |tee "HelloMultiplierIRQ.elf.size"
   text	   data	    bss	    dec	    hex	filename
  26104	   2724	  22600	  51428	   c8e4	HelloMultiplierIRQ.elf
Finished building: HelloMultiplierIRQ.elf.size
 

18:08:23 Build Finished (took 185ms)

