18:08:15 **** Build of configuration Debug for project HelloIRQ_bsp_xscugic_example_1 ****
make pre-build main-build 
a9-linaro-pre-build-step
 
Building file: ../src/xscugic_example.c
Invoking: ARM v7 gcc compiler
arm-none-eabi-gcc -Wall -O0 -g3 -c -fmessage-length=0 -MT"src/xscugic_example.o" -mcpu=cortex-a9 -mfpu=vfpv3 -mfloat-abi=hard -I../../HelloIRQ_bsp/ps7_cortexa9_0/include -MMD -MP -MF"src/xscugic_example.d" -MT"src/xscugic_example.o" -o "src/xscugic_example.o" "../src/xscugic_example.c"
Finished building: ../src/xscugic_example.c
 
Building target: HelloIRQ_bsp_xscugic_example_1.elf
Invoking: ARM v7 gcc linker
arm-none-eabi-gcc -mcpu=cortex-a9 -mfpu=vfpv3 -mfloat-abi=hard -Wl,-build-id=none -specs=Xilinx.spec -Wl,-T -Wl,../src/lscript.ld -L../../HelloIRQ_bsp/ps7_cortexa9_0/lib -o "HelloIRQ_bsp_xscugic_example_1.elf"  ./src/xscugic_example.o   -Wl,--start-group,-lxil,-lgcc,-lc,--end-group
Finished building target: HelloIRQ_bsp_xscugic_example_1.elf
 
Invoking: ARM v7 Print Size
arm-none-eabi-size HelloIRQ_bsp_xscugic_example_1.elf  |tee "HelloIRQ_bsp_xscugic_example_1.elf.size"
   text	   data	    bss	    dec	    hex	filename
  25800	   2724	  22600	  51124	   c7b4	HelloIRQ_bsp_xscugic_example_1.elf
Finished building: HelloIRQ_bsp_xscugic_example_1.elf.size
 

18:08:16 Build Finished (took 163ms)

