17:28:47 **** Auto Build of configuration Debug for project hellowrld_finalpackage ****
make pre-build main-build 
a9-linaro-pre-build-step
 
Building file: ../src/helloworld.c
Invoking: ARM v7 gcc compiler
arm-none-eabi-gcc -Wall -O0 -g3 -c -fmessage-length=0 -MT"src/helloworld.o" -mcpu=cortex-a9 -mfpu=vfpv3 -mfloat-abi=hard -I../../hellowrld_finalpackage_bsp/ps7_cortexa9_0/include -MMD -MP -MF"src/helloworld.d" -MT"src/helloworld.o" -o "src/helloworld.o" "../src/helloworld.c"
Finished building: ../src/helloworld.c
 
Building target: hellowrld_finalpackage.elf
Invoking: ARM v7 gcc linker
arm-none-eabi-gcc -mcpu=cortex-a9 -mfpu=vfpv3 -mfloat-abi=hard -Wl,-build-id=none -specs=Xilinx.spec -Wl,-T -Wl,../src/lscript.ld -L../../hellowrld_finalpackage_bsp/ps7_cortexa9_0/lib -o "hellowrld_finalpackage.elf"  ./src/helloworld.o ./src/platform.o   -Wl,--start-group,-lxil,-lgcc,-lc,--end-group
Finished building target: hellowrld_finalpackage.elf
 
Invoking: ARM v7 Print Size
arm-none-eabi-size hellowrld_finalpackage.elf  |tee "hellowrld_finalpackage.elf.size"
   text	   data	    bss	    dec	    hex	filename
  19384	   1148	  22568	  43100	   a85c	hellowrld_finalpackage.elf
Finished building: hellowrld_finalpackage.elf.size
 

17:28:47 Build Finished (took 127ms)

