16:22:35 **** Build of configuration Debug for project volumetest ****
make pre-build main-build 
a9-linaro-pre-build-step
 
Building file: ../src/voldrv.c
Invoking: ARM v7 gcc compiler
arm-none-eabi-gcc -Wall -O0 -g3 -c -fmessage-length=0 -MT"src/voldrv.o" -mcpu=cortex-a9 -mfpu=vfpv3 -mfloat-abi=hard -I../../volumetest_bsp/ps7_cortexa9_0/include -MMD -MP -MF"src/voldrv.d" -MT"src/voldrv.o" -o "src/voldrv.o" "../src/voldrv.c"
Finished building: ../src/voldrv.c
 
Building target: volumetest.elf
Invoking: ARM v7 gcc linker
arm-none-eabi-gcc -mcpu=cortex-a9 -mfpu=vfpv3 -mfloat-abi=hard -Wl,-build-id=none -specs=Xilinx.spec -Wl,-T -Wl,../src/lscript.ld -L../../volumetest_bsp/ps7_cortexa9_0/lib -o "volumetest.elf"  ./src/voldrv.o   -Wl,--start-group,-lxil,-lgcc,-lc,--end-group
Finished building target: volumetest.elf
 
Invoking: ARM v7 Print Size
arm-none-eabi-size volumetest.elf  |tee "volumetest.elf.size"
   text	   data	    bss	    dec	    hex	filename
  19504	   1148	  22568	  43220	   a8d4	volumetest.elf
Finished building: volumetest.elf.size
 

16:22:35 Build Finished (took 111ms)

