#-----------------------------------------------------------
# Vivado v2017.3 (64-bit)
# SW Build 2018833 on Wed Oct  4 19:58:07 MDT 2017
# IP Build 2016188 on Wed Oct  4 21:52:56 MDT 2017
# Start of session at: Tue Apr 24 17:58:55 2018
# Process ID: 16941
# Current directory: /home/hasing/workspace/lab4/vivado
# Command line: vivado
# Log file: /home/hasing/workspace/lab4/vivado/vivado.log
# Journal file: /home/hasing/workspace/lab4/vivado/vivado.jou
#-----------------------------------------------------------
start_gui
open_project /home/hasing/workspace/lab4/vivado/lab4_1.xpr
update_compile_order -fileset sources_1
open_bd_design {/home/hasing/workspace/lab4/vivado/lab4_1.srcs/sources_1/bd/lab4_soc/lab4_soc.bd}
ipx::infer_core -vendor ttu.ee -library user -taxonomy /UserIP /home/hasing/workspace/lab4/ip_repo/SoC_Design
ipx::edit_ip_in_project -upgrade true -name mixer_ip -directory /home/hasing/workspace/lab4/vivado/lab4_1.tmp /home/hasing/workspace/lab4/ip_repo/SoC_Design/component.xml
ipx::current_core /home/hasing/workspace/lab4/ip_repo/SoC_Design/component.xml
update_compile_order -fileset sources_1
close_project
ipx::infer_core -vendor ttu.ee -library user -taxonomy /UserIP /home/hasing/workspace/lab4/ip_repo/SoC_Design/HDL/Audio_Mixer
ipx::edit_ip_in_project -upgrade true -name mixer_ip -directory /home/hasing/workspace/lab4/vivado/lab4_1.tmp /home/hasing/workspace/lab4/ip_repo/SoC_Design/HDL/Audio_Mixer/component.xml
ipx::current_core /home/hasing/workspace/lab4/ip_repo/SoC_Design/HDL/Audio_Mixer/component.xml
update_compile_order -fileset sources_1
close_project
create_peripheral ttu.ee user MYMIXER 1.0 -dir /home/hasing/workspace/lab4/ip_repo
add_peripheral_interface S00_AXI -interface_mode slave -axi_type lite [ipx::find_open_core ttu.ee:user:MYMIXER:1.0]
generate_peripheral -driver -bfm_example_design -debug_hw_example_design [ipx::find_open_core ttu.ee:user:MYMIXER:1.0]
write_peripheral [ipx::find_open_core ttu.ee:user:MYMIXER:1.0]
set_property  ip_repo_paths  {/home/hasing/workspace/lab4/ip_repo/MYMIXER_1.0 /home/hasing/workspace/lab4/ip_repo/zedboard_audio /home/hasing/workspace/lab4/ip_repo/Volume_Pregain /home/hasing/workspace/lab4/ip_repo/ip_repo_vivado/FILTER_IIR_1.0} [current_project]
update_ip_catalog -rebuild
ipx::edit_ip_in_project -upgrade true -name edit_MYMIXER_v1_0 -directory /home/hasing/workspace/lab4/ip_repo /home/hasing/workspace/lab4/ip_repo/MYMIXER_1.0/component.xml
update_compile_order -fileset sources_1
add_files -norecurse -copy_to /home/hasing/workspace/lab4/ip_repo/MYMIXER_1.0/src /home/hasing/workspace/lab4/ip_repo/SoC_Design/HDL/Audio_Mixer/mixer.vhd
update_compile_order -fileset sources_1
close_project
